// Jest Snapshot v1, https://goo.gl/fbAQLP

exports[`CardList renders the CardList component with prop 1`] = `ShallowWrapper {}`;
