// Jest Snapshot v1, https://goo.gl/fbAQLP

exports[`ErrorBoundary renders the ErrorBoundary component 1`] = `ShallowWrapper {}`;
