// Jest Snapshot v1, https://goo.gl/fbAQLP

exports[`Header render the Header component with props 1`] = `ShallowWrapper {}`;
