// Jest Snapshot v1, https://goo.gl/fbAQLP

exports[`Head renders the Head component 1`] = `ShallowWrapper {}`;
