// Jest Snapshot v1, https://goo.gl/fbAQLP

exports[`MainPage renders the <MainPage /> component 1`] = `ShallowWrapper {}`;
