// Jest Snapshot v1, https://goo.gl/fbAQLP

exports[`SearchInput renders the SearchInput component with props 1`] = `ShallowWrapper {}`;
